Peticion procesada y servidores
0 1
2 8
Peticiones pendientes
0
Peticion procesada y servidores
1 5
1 5
Peticiones pendientes
1 2 2 7
Servidores ocupados
1 1 3
5 1 3
Peticion procesada y servidores
2 10
3
Peticion procesada y servidores
3 10
4
Peticion procesada y servidores
4 5
1 5
Peticion procesada y servidores
5 0
Servidores ocupados
1 4 3
3 2 6
4 3 7
5 4 3
Pelicula mas solicitada
2 4
Pelicula mas solicitada
1 1
Pelicula mas solicitada
1 1
Pelicula mas solicitada
2 2
Pelicula mas solicitada
2 4
