Servidores ocupados
0
Pelicula mas solicitada
0 0
Peticion procesada y servidores
0 3
5 7
Peticiones pendientes
0 13 100 103
Servidores ocupados
5 0 1
7 0 1
Servidores ocupados
0
Peticion procesada y servidores
1 1
2 5 7
Peticiones pendientes
0
Servidores ocupados
0
Peticion procesada y servidores
2 0
Pelicula mas solicitada
8 1
Peticion procesada y servidores
3 3
3 6
Peticion procesada y servidores
4 4
7
Servidores ocupados
3 3 1
6 3 1
7 4 3
Peticiones pendientes
4 13 501 505
Peticiones pendientes
4 13 501 505
Servidores ocupados
0
