Servidores ocupados
0
Pelicula mas solicitada
0 0
Peticion procesada y servidores
0 3
5 11
Servidores ocupados
5 0 2
11 0 2
Peticion procesada y servidores
1 3
7
Peticion procesada y servidores
2 0
Servidores ocupados
7 1 1
