Servidores ocupados
0
Peticion procesada y servidores
0 1
1
