Servidores ocupados
0
Pelicula mas solicitada
0 0
Peticiones pendientes
0
Peticion procesada y servidores
0 1
2 3 
Peticion procesada y servidores
1 5
6 
Peticion procesada y servidores
2 7
4 
Peticion procesada y servidores
3 0
Servidores ocupados
4 2 5
6 1 2
Peticiones pendientes
1 4 9 14
2 4 10 17
Servidores ocupados
4 2 3
Pelicula mas solicitada
4 1
Pelicula mas solicitada
4 1
Peticion procesada y servidores
4 2
2 3 8 
Peticiones pendientes
2 4 10 17
4 6 15 17
Peticion procesada y servidores
5 2
2 7 
Peticiones pendientes
0
Peticion procesada y servidores
6 1
1 
Peticion procesada y servidores
7 1
3 8 
