Peticion procesada y servidores
0 1
1 2 4
Servidores ocupados
0
Peticion procesada y servidores
1 7
1 2 4
Servidores ocupados
1 1 6
2 1 6
4 1 6
Peticion procesada y servidores
2 10
3 6
Peticion procesada y servidores
3 20
5
Servidores ocupados
1 1 3
2 1 3
3 2 8
4 1 3
5 3 19
6 2 8
Peticion procesada y servidores
4 20
7
Peticion procesada y servidores
5 0
Peticiones pendientes
2 1 57 67
3 1 58 78
4 1 60 80
Servidores ocupados
3 2 4
5 3 15
6 2 4
7 4 17
Pelicula mas solicitada
2 1
Pelicula mas solicitada
1 4
Peticiones pendientes
0
Peticion procesada y servidores
6 3
1 2 4
Peticion procesada y servidores
7 1
3
Peticion procesada y servidores
8 2
3 6
