Peticion procesada y servidores
0 1
2 3 7 
Peticion procesada y servidores
1 5
3 6 
Peticion procesada y servidores
2 3
4 
Peticiones pendientes
2 15 61 64
1 13 60 65
Servidores ocupados
3 1 2
4 2 1
6 1 2
Peticiones pendientes
0
Servidores ocupados
0
Pelicula mas solicitada
7 1
Pelicula mas solicitada
7 1
Peticion procesada y servidores
3 5
3 6 
Pelicula mas solicitada
13 2
Servidores ocupados
0
Peticion procesada y servidores
4 2
3 4 
Peticion procesada y servidores
5 5
7 
Peticion procesada y servidores
6 5
3 6 
Peticion procesada y servidores
7 0
Servidores ocupados
3 6 3
6 6 3
7 5 2
Peticion procesada y servidores
8 0
Peticion procesada y servidores
9 5
3 6 
Pelicula mas solicitada
13 4
Pelicula mas solicitada
6 1
Peticion procesada y servidores
10 0
