Pelicula mas solicitada
0 0
Peticiones pendientes
0
Servidores ocupados
0
Peticion procesada y servidores
0 1
1
Peticion procesada y servidores
1 17
1 3 4 5 12
Peticion procesada y servidores
2 28
2 8
Peticion procesada y servidores
3 10
7
Peticion procesada y servidores
4 31
9 10 11
Peticiones pendientes
3 3 22 32
1 5 20 37
2 8 21 49
4 12 23 54
Servidores ocupados
1 1 11
2 2 23
3 1 11
4 1 11
5 1 11
7 3 6
8 2 23
9 4 28
10 4 28
11 4 28
12 1 11
Servidores ocupados
1 1 10
2 2 22
3 1 10
4 1 10
5 1 10
7 3 5
8 2 22
9 4 27
10 4 27
11 4 27
12 1 10
Pelicula mas solicitada
3 1
Servidores ocupados
1 1 7
2 2 19
3 1 7
4 1 7
5 1 7
7 3 2
8 2 19
9 4 24
10 4 24
11 4 24
12 1 7
Servidores ocupados
2 2 9
8 2 9
9 4 14
10 4 14
11 4 14
Peticiones pendientes
2 8 21 49
4 12 23 54
Peticion procesada y servidores
5 14
1 3 5 12
Peticion procesada y servidores
6 50
8
Peticion procesada y servidores
7 10
4
Peticion procesada y servidores
8 0
Peticion procesada y servidores
9 50
9 10 11
Pelicula mas solicitada
3 1
Pelicula mas solicitada
5 3
Peticion procesada y servidores
10 0
Peticion procesada y servidores
11 2
1 2 6 8
