Peticion procesada y servidores
0 1
8
Peticion procesada y servidores
1 11
1 3
Peticion procesada y servidores
2 1
2 4 5
Peticion procesada y servidores
3 10
2 4 5
Peticiones pendientes
1 4 30 41
3 6 32 42
Servidores ocupados
1 1 7
2 3 8
3 1 7
4 3 8
5 3 8
Peticion procesada y servidores
4 0
Peticion procesada y servidores
5 6
9
Pelicula mas solicitada
3 1
Peticion procesada y servidores
6 20
6
Peticion procesada y servidores
7 0
Peticion procesada y servidores
8 11
1 3
Peticion procesada y servidores
9 5
7 9
Servidores ocupados
1 8 9
3 8 9
6 6 15
7 9 4
9 9 4
Pelicula mas solicitada
4 2
Peticion procesada y servidores
10 3
1 5 8
