Pelicula mas solicitada
0 0
Peticion procesada y servidores
0 1
1 2 3
Peticion procesada y servidores
1 1
1
Peticion procesada y servidores
2 1
1
Peticiones pendientes
0
Servidores ocupados
0
Pelicula mas solicitada
1 2
Peticion procesada y servidores
3 3
1
Pelicula mas solicitada
0 0
Peticiones pendientes
3 3 16 19
Servidores ocupados
0
