Peticion procesada y servidores
0 0
Peticion procesada y servidores
1 1
5
Pelicula mas solicitada
10 1
Peticion procesada y servidores
2 2
5
Peticion procesada y servidores
3 5
2
Peticion procesada y servidores
4 2
5
Servidores ocupados
2 3 1
5 4 1
Peticiones pendientes
0
Pelicula mas solicitada
10 1
Pelicula mas solicitada
14 2
Peticion procesada y servidores
5 2
9
Peticion procesada y servidores
6 5
8
Peticion procesada y servidores
7 0
Peticion procesada y servidores
8 60
8
