Peticion procesada y servidores
0 0
Peticion procesada y servidores
1 7
9 
Peticion procesada y servidores
2 60
1 
Peticiones pendientes
1 4 20 27
2 4 21 81
Peticiones pendientes
2 4 21 81
Servidores ocupados
1 2 53
Servidores ocupados
1 2 52
Pelicula mas solicitada
4 1
Pelicula mas solicitada
4 2
Pelicula mas solicitada
0 0
Peticion procesada y servidores
3 4
8 
Peticion procesada y servidores
4 10
4 6 
