Peticion procesada y servidores
0 3
1 3
Peticion procesada y servidores
1 3
2
Pelicula mas solicitada
2 1
Peticion procesada y servidores
2 1
1
Peticion procesada y servidores
3 11
1
Peticion procesada y servidores
4 5
3
Peticion procesada y servidores
5 3
2
Peticiones pendientes
5 2 52 55
4 3 51 56
3 4 50 61
Servidores ocupados
1 3 7
2 5 1
3 4 2
