Peticion procesada y servidores
0 1
3 
Peticiones pendientes
0
Pelicula mas solicitada
0 0
Peticion procesada y servidores
1 5
5 6 
Pelicula mas solicitada
3 1
Peticion procesada y servidores
2 1
2 
Servidores ocupados
0
Peticion procesada y servidores
3 8
3 8
Peticion procesada y servidores
4 50
1 
Servidores ocupados
1 4 49
3 3 6
8 3 6
Peticion procesada y servidores
5 0
Peticion procesada y servidores
6 8
3 8 
Peticion procesada y servidores
7 0
Peticiones pendientes
6 7 21 29
4 7 14 64
Peticion procesada y servidores
8 15
5 
Pelicula mas solicitada
7 1
Servidores ocupados
1 4 38
3 6 3
5 8 13
8 6 3
Peticion procesada y servidores
9 18
2 
Pelicula mas solicitada
8 2