Peticion procesada y servidores
0 0
Peticion procesada y servidores
1 1
4
Peticion procesada y servidores
2 1
4
Peticion procesada y servidores
3 1
2 6
Peticion procesada y servidores
4 1
2 6
Peticion procesada y servidores
5 2
5
Pelicula mas solicitada
4 2
Peticiones pendientes
5 10 100 102
Servidores ocupados
5 5 1
