Peticion procesada y servidores
0 1
2 4 
Peticion procesada y servidores
1 1
3 
Peticion procesada y servidores
2 1
1 8 
Peticion procesada y servidores
3 1
1 3 7 
Peticion procesada y servidores
4 17
7 15 
Peticion procesada y servidores
5 3
1 5 10 
Peticion procesada y servidores
6 10
16 
Peticion procesada y servidores
7 2
11 
Peticiones pendientes
7 3 8 10
6 7 7 17
4 5 5 22
Servidores ocupados
7 4 12
15 4 12
16 6 7
Pelicula mas solicitada
2 1
Pelicula mas solicitada
3 2
Peticion procesada y servidores
8 15
1 5 
Peticion procesada y servidores
9 12
3 6 
Peticion procesada y servidores
10 4
7 14 
Peticion procesada y servidores
11 20
13 
Peticiones pendientes
8 8 50 65
9 9 53 65
10 6 61 65
11 5 62 82
Servidores ocupados
1 8 1
3 9 1
5 8 1
6 9 1
7 10 1
13 11 18
14 10 1
Pelicula mas solicitada
6 2
Pelicula mas solicitada
5 1
