Peticion procesada y servidores
0 4
6 
Peticion procesada y servidores
1 4
1 3 
Peticiones pendientes
0 1 100 104
1 1 101 105
Pelicula mas solicitada
1 2
Servidores ocupados
1 1 3
3 1 3
6 0 2
Peticion procesada y servidores
2 4
1 2 
Peticion procesada y servidores
3 2
2 4 7 
Peticion procesada y servidores
4 1
2 4 
Pelicula mas solicitada
1 2

