Peticion procesada y servidores
0 1      
5 7 8 9  
Peticion procesada y servidores
1 2
9        
Pelicula mas solicitada
4 1      
Peticion procesada y servidores
2 1          
5 7 8 10 12  
Pelicula mas solicitada
7 2      
Peticion procesada y servidores
3 2      
7 9      
Pelicula mas solicitada
7 2      
Peticion procesada y servidores
4 2        
1 2 5  
Peticion procesada y servidores
5 2      
7 14     
Peticion procesada y servidores
6 1      
5 8 9 13 
Peticion procesada y servidores
7 1      
6        
Peticion procesada y servidores
8 1      
6        
Peticion procesada y servidores
9 4     
11      
Servidores ocupados 
11 9 4
Peticion procesada y servidores
10 5 
6     
Servidores ocupados 
6 10 4
11 9 2     
Peticion procesada y servidores
11 0     
Peticiones pendientes   
0         
Peticion procesada y servidores
12 1      
1 2 5 6
