Pelicula mas solicitada
0 0
Peticion procesada y servidores
0 0
Peticion procesada y servidores
1 1
9
Servidores ocupados
0
Peticiones pendientes
0
Peticion procesada y servidores
2 5
2
Pelicula mas solicitada
1 1
